2026-02-28 11:03:20,682 Profile ID b'e2480202f37a635a9090738f569e099e' (actual b'e2480202f37a635a9090738f569e099e')
2026-02-28 11:03:20,682 Working directory:
2026-02-28 11:03:20,682   C:\
2026-02-28 11:03:20,682    Users\
2026-02-28 11:03:20,682     adamj\
2026-02-28 11:03:20,682      Documents\
2026-02-28 11:03:20,683       code\
2026-02-28 11:03:20,683        displaycal-py3\
2026-02-28 11:03:20,683         DisplayCAL\
2026-02-28 11:03:20,683          presets\
2026-02-28 11:03:20,683 
2026-02-28 11:03:20,683 Command line:
2026-02-28 11:03:20,683   C:\Users\adamj\AppData\Roaming\DisplayCAL\dl\Argyll_V3.3.0\bin\xicclu.exe
2026-02-28 11:03:20,683     -v1
2026-02-28 11:03:20,683     -s1
2026-02-28 11:03:20,683     -en
2026-02-28 11:03:20,683     -En
2026-02-28 11:03:20,683     -ff
2026-02-28 11:03:20,683     -ir
2026-02-28 11:03:20,683     -pX
2026-02-28 11:03:20,683     "C:\Users\adamj\DOCUME~1\code\DISPLA~1\DISPLA~1\presets\VIA268~1.ICC"
2026-02-28 11:03:20,683 
2026-02-28 11:03:20,701 #0 b'0.000000 0.000000 0.000000 [RGB] -> MatrixFwd -> 0.000000 0.000000 0.000000 [XYZ]'
